Archive member included to satisfy reference by file (symbol)

.\CortexM3\ARM_GCC_541\Debug\Blueth_Pot.a(ADC_Pot.o)
                              .\CortexM3\ARM_GCC_541\Debug\main.o (ADC_Pot_Start)
.\CortexM3\ARM_GCC_541\Debug\Blueth_Pot.a(ADC_Pot_INT.o)
                              .\CortexM3\ARM_GCC_541\Debug\Blueth_Pot.a(ADC_Pot.o) (ADC_Pot_ISR1)
.\CortexM3\ARM_GCC_541\Debug\Blueth_Pot.a(ADC_Pot_AMux.o)
                              .\CortexM3\ARM_GCC_541\Debug\Blueth_Pot.a(ADC_Pot.o) (ADC_Pot_AMux_Select)
.\CortexM3\ARM_GCC_541\Debug\Blueth_Pot.a(ADC_Pot_Ext_CP_Clk.o)
                              .\CortexM3\ARM_GCC_541\Debug\Blueth_Pot.a(ADC_Pot.o) (ADC_Pot_Ext_CP_Clk_SetModeRegister)
.\CortexM3\ARM_GCC_541\Debug\Blueth_Pot.a(ADC_Pot_theACLK.o)
                              .\CortexM3\ARM_GCC_541\Debug\Blueth_Pot.a(ADC_Pot.o) (ADC_Pot_theACLK_SetModeRegister)
.\CortexM3\ARM_GCC_541\Debug\Blueth_Pot.a(CyLib.o)
                              .\CortexM3\ARM_GCC_541\Debug\Cm3Start.o (CyHalt)
.\CortexM3\ARM_GCC_541\Debug\Blueth_Pot.a(cyPm.o)
                              .\CortexM3\ARM_GCC_541\Debug\Blueth_Pot.a(CyLib.o) (CyPmReadStatus)
.\CortexM3\ARM_GCC_541\Debug\Blueth_Pot.a(Timer_ADC.o)
                              .\CortexM3\ARM_GCC_541\Debug\main.o (Timer_ADC_Enable)
.\CortexM3\ARM_GCC_541\Debug\Blueth_Pot.a(UART_BlueT.o)
                              .\CortexM3\ARM_GCC_541\Debug\main.o (UART_BlueT_Start)
.\CortexM3\ARM_GCC_541\Debug\Blueth_Pot.a(UART_BlueT_IntClock.o)
                              .\CortexM3\ARM_GCC_541\Debug\Blueth_Pot.a(UART_BlueT.o) (UART_BlueT_IntClock_Start)
.\CortexM3\ARM_GCC_541\Debug\Blueth_Pot.a(isr_TimerADC_inter.o)
                              .\CortexM3\ARM_GCC_541\Debug\main.o (isr_TimerADC_inter_StartEx)
.\CortexM3\ARM_GCC_541\Debug\Blueth_Pot.a(isr_RX_inter.o)
                              .\CortexM3\ARM_GCC_541\Debug\main.o (isr_RX_inter_StartEx)
.\CortexM3\ARM_GCC_541\Debug\Blueth_Pot.a(CyBootAsmGnu.o)
                              .\CortexM3\ARM_GCC_541\Debug\cyfitter_cfg.o (CyDelayCycles)
.\CortexM3\ARM_GCC_541\Debug\Blueth_Pot.a(CyFlash.o)
                              .\CortexM3\ARM_GCC_541\Debug\Blueth_Pot.a(cyPm.o) (CyFlash_SetWaitCycles)
.\CortexM3\ARM_GCC_541\Debug\Blueth_Pot.a(CySpc.o)
                              .\CortexM3\ARM_GCC_541\Debug\Blueth_Pot.a(CyFlash.o) (CySpcStart)
c:/program files (x86)/cypress/psoc creator/4.4/psoc creator/import/gnu/arm/5.4.1/bin/../lib/gcc/arm-none-eabi/5.4.1/armv7-m\libgcc.a(_arm_addsubdf3.o)
                              .\CortexM3\ARM_GCC_541\Debug\Blueth_Pot.a(ADC_Pot.o) (__aeabi_f2d)
c:/program files (x86)/cypress/psoc creator/4.4/psoc creator/import/gnu/arm/5.4.1/bin/../lib/gcc/arm-none-eabi/5.4.1/armv7-m\libgcc.a(_arm_cmpdf2.o)
                              .\CortexM3\ARM_GCC_541\Debug\Blueth_Pot.a(ADC_Pot.o) (__aeabi_dcmpgt)
c:/program files (x86)/cypress/psoc creator/4.4/psoc creator/import/gnu/arm/5.4.1/bin/../lib/gcc/arm-none-eabi/5.4.1/armv7-m\libgcc.a(_arm_addsubsf3.o)
                              .\CortexM3\ARM_GCC_541\Debug\Blueth_Pot.a(ADC_Pot.o) (__aeabi_ui2f)
c:/program files (x86)/cypress/psoc creator/4.4/psoc creator/import/gnu/arm/5.4.1/bin/../lib/gcc/arm-none-eabi/5.4.1/armv7-m\libgcc.a(_arm_muldivsf3.o)
                              .\CortexM3\ARM_GCC_541\Debug\Blueth_Pot.a(ADC_Pot.o) (__aeabi_fmul)
c:/program files (x86)/cypress/psoc creator/4.4/psoc creator/import/gnu/arm/5.4.1/bin/../lib/gcc/arm-none-eabi/5.4.1/armv7-m\libgcc.a(_arm_fixunssfsi.o)
                              .\CortexM3\ARM_GCC_541\Debug\Blueth_Pot.a(ADC_Pot.o) (__aeabi_f2uiz)
c:/program files (x86)/cypress/psoc creator/4.4/psoc creator/import/gnu/arm/5.4.1/bin/../lib/gcc/arm-none-eabi/5.4.1/../../../../arm-none-eabi/lib/armv7-m\libg_nano.a(lib_a-errno.o)
                              .\CortexM3\ARM_GCC_541\Debug\Cm3Start.o (__errno)
c:/program files (x86)/cypress/psoc creator/4.4/psoc creator/import/gnu/arm/5.4.1/bin/../lib/gcc/arm-none-eabi/5.4.1/../../../../arm-none-eabi/lib/armv7-m\libg_nano.a(lib_a-exit.o)
                              c:/program files (x86)/cypress/psoc creator/4.4/psoc creator/import/gnu/arm/5.4.1/bin/../lib/gcc/arm-none-eabi/5.4.1/../../../../arm-none-eabi/lib/armv7-m/crt0.o (exit)
c:/program files (x86)/cypress/psoc creator/4.4/psoc creator/import/gnu/arm/5.4.1/bin/../lib/gcc/arm-none-eabi/5.4.1/../../../../arm-none-eabi/lib/armv7-m\libg_nano.a(lib_a-impure.o)
                              c:/program files (x86)/cypress/psoc creator/4.4/psoc creator/import/gnu/arm/5.4.1/bin/../lib/gcc/arm-none-eabi/5.4.1/../../../../arm-none-eabi/lib/armv7-m\libg_nano.a(lib_a-exit.o) (_global_impure_ptr)
c:/program files (x86)/cypress/psoc creator/4.4/psoc creator/import/gnu/arm/5.4.1/bin/../lib/gcc/arm-none-eabi/5.4.1/../../../../arm-none-eabi/lib/armv7-m\libg_nano.a(lib_a-init.o)
[...]
Memory Configuration

Name             Origin             Length             Attributes
rom              0x00000000         0x00040000         xr
ram              0x1fff8000         0x00010000         xrw
*default*        0x00000000         0xffffffff

Linker script and memory map

LOAD c:/program files (x86)/cypress/psoc creator/4.4/psoc creator/import/gnu/arm/5.4.1/bin/../lib/gcc/arm-none-eabi/5.4.1/armv7-m/crti.o
LOAD c:/program files (x86)/cypress/psoc creator/4.4/psoc creator/import/gnu/arm/5.4.1/bin/../lib/gcc/arm-none-eabi/5.4.1/armv7-m/crtbegin.o
LOAD c:/program files (x86)/cypress/psoc creator/4.4/psoc creator/import/gnu/arm/5.4.1/bin/../lib/gcc/arm-none-eabi/5.4.1/../../../../arm-none-eabi/lib/armv7-m/crt0.o
START GROUP
LOAD .\CortexM3\ARM_GCC_541\Debug\main.o
LOAD .\CortexM3\ARM_GCC_541\Debug\interrupt_routine.o
LOAD .\CortexM3\ARM_GCC_541\Debug\cyfitter_cfg.o
LOAD .\CortexM3\ARM_GCC_541\Debug\cymetadata.o
LOAD .\CortexM3\ARM_GCC_541\Debug\Cm3Start.o
LOAD .\CortexM3\ARM_GCC_541\Debug\Blueth_Pot.a
LOAD C:\Program Files (x86)\Cypress\PSoC Creator\4.4\PSoC Creator\psoc\content\cycomponentlibrary\CyComponentLibrary.cylib\CortexM3\ARM_GCC_541\Debug\CyComponentLibrary.a
END GROUP
START GROUP
LOAD c:/program files (x86)/cypress/psoc creator/4.4/psoc creator/import/gnu/arm/5.4.1/bin/../lib/gcc/arm-none-eabi/5.4.1/armv7-m\libgcc.a
LOAD c:/program files (x86)/cypress/psoc creator/4.4/psoc creator/import/gnu/arm/5.4.1/bin/../lib/gcc/arm-none-eabi/5.4.1/../../../../arm-none-eabi/lib/armv7-m\libg_nano.a
LOAD c:/program files (x86)/cypress/psoc creator/4.4/psoc creator/import/gnu/arm/5.4.1/bin/../lib/gcc/arm-none-eabi/5.4.1/../../../../arm-none-eabi/lib/armv7-m\libc_nano.a
END GROUP
START GROUP
LOAD c:/program files (x86)/cypress/psoc creator/4.4/psoc creator/import/gnu/arm/5.4.1/bin/../lib/gcc/arm-none-eabi/5.4.1/armv7-m\libgcc.a
LOAD c:/program files (x86)/cypress/psoc creator/4.4/psoc creator/import/gnu/arm/5.4.1/bin/../lib/gcc/arm-none-eabi/5.4.1/../../../../arm-none-eabi/lib/armv7-m\libc_nano.a
END GROUP
LOAD c:/program files (x86)/cypress/psoc creator/4.4/psoc creator/import/gnu/arm/5.4.1/bin/../lib/gcc/arm-none-eabi/5.4.1/armv7-m/crtend.o
LOAD c:/program files (x86)/cypress/psoc creator/4.4/psoc creator/import/gnu/arm/5.4.1/bin/../lib/gcc/arm-none-eabi/5.4.1/armv7-m/crtn.o
START GROUP
LOAD c:/program files (x86)/cypress/psoc creator/4.4/psoc creator/import/gnu/arm/5.4.1/bin/../lib/gcc/arm-none-eabi/5.4.1/armv7-m\libgcc.a
LOAD c:/program files (x86)/cypress/psoc creator/4.4/psoc creator/import/gnu/arm/5.4.1/bin/../lib/gcc/arm-none-eabi/5.4.1/../../../../arm-none-eabi/lib/armv7-m\libc.a
LOAD c:/program files (x86)/cypress/psoc creator/4.4/psoc creator/import/gnu/arm/5.4.1/bin/../lib/gcc/arm-none-eabi/5.4.1/../../../../arm-none-eabi/lib/armv7-m\libnosys.a
END GROUP
                0x00000000                CY_APPL_ORIGIN = 0x0
                0x00000100                CY_FLASH_ROW_SIZE = 0x100
                0x00000020                CY_ECC_ROW_SIZE = 0x20
                0x00000000                CY_EE_IN_BTLDR = 0x0
                0x00000000                CY_APPL_LOADABLE = 0x0
                0x00000800                CY_EE_SIZE = 0x800
                0x00000001                CY_APPL_NUM = 0x1
                0x00000001                CY_APPL_MAX = 0x1
                0x00000040                CY_METADATA_SIZE = 0x40
                0x00000000                CY_APPL_LOADABLE = 0x0
                0x00000000                CY_CHECKSUM_EXCLUDE_SIZE = ALIGN (0x0, CY_FLASH_ROW_SIZE)
                [!provide]                PROVIDE (__cy_heap_start, _end)
                0x00000001                PROVIDE (__cy_region_num, ((__cy_regions_end - __cy_regions) / 0x10))
                0x20008000                PROVIDE (__cy_stack, (ORIGIN (ram) + LENGTH (ram)))
                [!provide]                PROVIDE (__cy_heap_end, (__cy_stack - 0x800))

.cybootloader   0x00000000        0x0
 *(.cybootloader)
                0x00000000                appl1_start = CY_APPL_ORIGIN?CY_APPL_ORIGIN:ALIGN (CY_FLASH_ROW_SIZE)
                0x0001ff00                appl2_start = (appl1_start + ALIGN ((((LENGTH (rom) - appl1_start) - (0x2 * CY_FLASH_ROW_SIZE)) / 0x2), CY_FLASH_ROW_SIZE))
                0x00000000                appl_start = (CY_APPL_NUM == 0x1)?appl1_start:appl2_start
                0x00000000                ecc_offset = ((appl_start / CY_FLASH_ROW_SIZE) * CY_ECC_ROW_SIZE)
                0x00000000                ee_offset = (CY_APPL_LOADABLE && ! (CY_EE_IN_BTLDR))?((CY_EE_SIZE / CY_APPL_MAX) * (CY_APPL_NUM - 0x1)):0x0
                0x00000800                ee_size = (CY_APPL_LOADABLE && ! (CY_EE_IN_BTLDR))?(CY_EE_SIZE / CY_APPL_MAX):CY_EE_SIZE
                [!provide]                PROVIDE (CY_ECC_OFFSET, ecc_offset)

.text           0x00000000     0x1930
 CREATE_OBJECT_SYMBOLS
                0x00000000                PROVIDE (__cy_interrupt_vector, RomVectors)
 *(.romvectors)
 .romvectors    0x00000000       0x10 .\CortexM3\ARM_GCC_541\Debug\Cm3Start.o
                0x00000000                RomVectors
                0x00000001                ASSERT ((. != __cy_interrupt_vector), No interrupt vector)
                0x00000001                ASSERT (CY_APPL_ORIGIN?(SIZEOF (.cybootloader) <= CY_APPL_ORIGIN):0x1, Wrong image location)
                0x00000010                PROVIDE (__cy_reset, Reset)
 *(.text.Reset)
 .text.Reset    0x00000010       0x18 .\CortexM3\ARM_GCC_541\Debug\Cm3Start.o
                0x00000010                Reset
                0x00000001                ASSERT ((. != __cy_reset), No reset code)
 *(.dma_init)
                0x00000001                ASSERT ((((appl_start + .) <= 0x10000) || 0x1), DMA Init must be within the first 64k of flash)
 *(.text .text.* .gnu.linkonce.t.*)
 .text          0x00000028       0x5c c:/program files (x86)/cypress/psoc creator/4.4/psoc creator/import/gnu/arm/5.4.1/bin/../lib/gcc/arm-none-eabi/5.4.1/armv7-m/crtbegin.o
 .text.SendData
                0x00000084       0x24 .\CortexM3\ARM_GCC_541\Debug\main.o
                0x00000084                SendData
 .text.main     0x000000a8       0x74 .\CortexM3\ARM_GCC_541\Debug\main.o
                0x000000a8                main
 .text.Custom_ISR_ADC_inter
                0x0000011c       0x5c .\CortexM3\ARM_GCC_541\Debug\interrupt_routine.o
                0x0000011c                Custom_ISR_ADC_inter
 .text.Custom_ISR_RX_inter
                0x00000178       0x1c .\CortexM3\ARM_GCC_541\Debug\interrupt_routine.o
                0x00000178                Custom_ISR_RX_inter
 .text.CyClockStartupError
                0x00000194        0x4 .\CortexM3\ARM_GCC_541\Debug\cyfitter_cfg.o
 .text.cfg_write_bytes32
                0x00000198       0x34 .\CortexM3\ARM_GCC_541\Debug\cyfitter_cfg.o
 .text.AnalogSetDefault
                0x000001cc       0x38 .\CortexM3\ARM_GCC_541\Debug\cyfitter_cfg.o
 .text.CYMEMZERO
                0x00000204        0xc .\CortexM3\ARM_GCC_541\Debug\cyfitter_cfg.o
 .text.CYCONFIGCPY
                0x00000210        0x8 .\CortexM3\ARM_GCC_541\Debug\cyfitter_cfg.o
 .text.ClockSetup
                0x00000218       0xfc .\CortexM3\ARM_GCC_541\Debug\cyfitter_cfg.o
 .text.ADC_Pot_AMux_Set
                0x00000314       0x1c .\CortexM3\ARM_GCC_541\Debug\cyfitter_cfg.o
                0x00000314                ADC_Pot_AMux_Set
 .text.ADC_Pot_AMux_Unset
                0x00000330       0x1c .\CortexM3\ARM_GCC_541\Debug\cyfitter_cfg.o
                0x00000330                ADC_Pot_AMux_Unset
 .text.cyfitter_cfg
                0x0000034c       0xf8 .\CortexM3\ARM_GCC_541\Debug\cyfitter_cfg.o
                0x0000034c                cyfitter_cfg
 .text.IntDefaultHandler
                0x00000444       0x10 .\CortexM3\ARM_GCC_541\Debug\Cm3Start.o
                0x00000444                IntDefaultHandler
 .text._sbrk    0x00000454       0x30 .\CortexM3\ARM_GCC_541\Debug\Cm3Start.o
                0x00000454                _sbrk
 .text.Start_c  0x00000484       0x4c .\CortexM3\ARM_GCC_541\Debug\Cm3Start.o
                0x00000484                Start_c
 .text.initialize_psoc
                0x000004d0       0x68 .\CortexM3\ARM_GCC_541\Debug\Cm3Start.o
                0x000004d0                initialize_psoc
 .text.ADC_Pot_GainCompensation
                0x00000538       0xe0 .\CortexM3\ARM_GCC_541\Debug\Blueth_Pot.a(ADC_Pot.o)
 .text.ADC_Pot_SetDSMRef0Reg
                0x00000618       0x4c .\CortexM3\ARM_GCC_541\Debug\Blueth_Pot.a(ADC_Pot.o)
 .text.ADC_Pot_InitConfig
                0x00000664      0x1a4 .\CortexM3\ARM_GCC_541\Debug\Blueth_Pot.a(ADC_Pot.o)
 .text.ADC_Pot_Init
                0x00000808       0xd8 .\CortexM3\ARM_GCC_541\Debug\Blueth_Pot.a(ADC_Pot.o)
                0x00000808                ADC_Pot_Init
 .text.ADC_Pot_Enable
                0x000008e0       0xd8 .\CortexM3\ARM_GCC_541\Debug\Blueth_Pot.a(ADC_Pot.o)
                0x000008e0                ADC_Pot_Enable
 .text.ADC_Pot_Start
                0x000009b8       0x28 .\CortexM3\ARM_GCC_541\Debug\Blueth_Pot.a(ADC_Pot.o)
                0x000009b8                ADC_Pot_Start
 .text.ADC_Pot_StartConvert
                0x000009e0       0x10 .\CortexM3\ARM_GCC_541\Debug\Blueth_Pot.a(ADC_Pot.o)
                0x000009e0                ADC_Pot_StartConvert
 .text.ADC_Pot_StopConvert
                0x000009f0       0x10 .\CortexM3\ARM_GCC_541\Debug\Blueth_Pot.a(ADC_Pot.o)
                0x000009f0                ADC_Pot_StopConvert
 .text.ADC_Pot_IsEndConversion
                0x00000a00       0x30 .\CortexM3\ARM_GCC_541\Debug\Blueth_Pot.a(ADC_Pot.o)
                0x00000a00                ADC_Pot_IsEndConversion
 .text.ADC_Pot_GetResult32
                0x00000a30       0x6c .\CortexM3\ARM_GCC_541\Debug\Blueth_Pot.a(ADC_Pot.o)
                0x00000a30                ADC_Pot_GetResult32
 .text.ADC_Pot_CountsTo_mVolts
                0x00000a9c       0x24 .\CortexM3\ARM_GCC_541\Debug\Blueth_Pot.a(ADC_Pot.o)
                0x00000a9c                ADC_Pot_CountsTo_mVolts
 .text.ADC_Pot_Read32
                0x00000ac0       0x28 .\CortexM3\ARM_GCC_541\Debug\Blueth_Pot.a(ADC_Pot.o)
                0x00000ac0                ADC_Pot_Read32
 .text.ADC_Pot_ISR1
                0x00000ae8        0x4 .\CortexM3\ARM_GCC_541\Debug\Blueth_Pot.a(ADC_Pot_INT.o)
                0x00000ae8                ADC_Pot_ISR1
 .text.ADC_Pot_ISR2
                0x00000aec        0x4 .\CortexM3\ARM_GCC_541\Debug\Blueth_Pot.a(ADC_Pot_INT.o)
                0x00000aec                ADC_Pot_ISR2
 .text.ADC_Pot_AMux_Start
                0x00000af0       0x20 .\CortexM3\ARM_GCC_541\Debug\Blueth_Pot.a(ADC_Pot_AMux.o)
                0x00000af0                ADC_Pot_AMux_Start
 .text.ADC_Pot_AMux_Select
                0x00000b10       0x18 .\CortexM3\ARM_GCC_541\Debug\Blueth_Pot.a(ADC_Pot_AMux.o)
                0x00000b10                ADC_Pot_AMux_Select
 .text.ADC_Pot_Ext_CP_Clk_GetDividerRegister
                0x00000b28        0xc .\CortexM3\ARM_GCC_541\Debug\Blueth_Pot.a(ADC_Pot_Ext_CP_Clk.o)
                0x00000b28                ADC_Pot_Ext_CP_Clk_GetDividerRegister
 .text.ADC_Pot_Ext_CP_Clk_SetModeRegister
                0x00000b34       0x14 .\CortexM3\ARM_GCC_541\Debug\Blueth_Pot.a(ADC_Pot_Ext_CP_Clk.o)
                0x00000b34                ADC_Pot_Ext_CP_Clk_SetModeRegister
 .text.ADC_Pot_Ext_CP_Clk_GetSourceRegister
                0x00000b48       0x10 .\CortexM3\ARM_GCC_541\Debug\Blueth_Pot.a(ADC_Pot_Ext_CP_Clk.o)
                0x00000b48                ADC_Pot_Ext_CP_Clk_GetSourceRegister
 .text.ADC_Pot_Ext_CP_Clk_SetDividerRegister
                0x00000b58       0xd8 .\CortexM3\ARM_GCC_541\Debug\Blueth_Pot.a(ADC_Pot_Ext_CP_Clk.o)
                0x00000b58                ADC_Pot_Ext_CP_Clk_SetDividerRegister
 .text.ADC_Pot_theACLK_GetDividerRegister
                0x00000c30        0xc .\CortexM3\ARM_GCC_541\Debug\Blueth_Pot.a(ADC_Pot_theACLK.o)
                0x00000c30                ADC_Pot_theACLK_GetDividerRegister
 .text.ADC_Pot_theACLK_SetModeRegister
                0x00000c3c       0x14 .\CortexM3\ARM_GCC_541\Debug\Blueth_Pot.a(ADC_Pot_theACLK.o)
                0x00000c3c                ADC_Pot_theACLK_SetModeRegister
 .text.ADC_Pot_theACLK_GetSourceRegister
                0x00000c50       0x10 .\CortexM3\ARM_GCC_541\Debug\Blueth_Pot.a(ADC_Pot_theACLK.o)
                0x00000c50                ADC_Pot_theACLK_GetSourceRegister
 .text.ADC_Pot_theACLK_SetDividerRegister
                0x00000c60       0xd8 .\CortexM3\ARM_GCC_541\Debug\Blueth_Pot.a(ADC_Pot_theACLK.o)
                0x00000c60                ADC_Pot_theACLK_SetDividerRegister
 .text.CyHalt   0x00000d38        0x4 .\CortexM3\ARM_GCC_541\Debug\Blueth_Pot.a(CyLib.o)
                0x00000d38                CyHalt
 .text.CyDelay  0x00000d3c       0x2c .\CortexM3\ARM_GCC_541\Debug\Blueth_Pot.a(CyLib.o)
                0x00000d3c                CyDelay
 .text.CyDelayUs
                0x00000d68       0x14 .\CortexM3\ARM_GCC_541\Debug\Blueth_Pot.a(CyLib.o)
                0x00000d68                CyDelayUs
 .text.CyIntSetVector
                0x00000d7c       0x28 .\CortexM3\ARM_GCC_541\Debug\Blueth_Pot.a(CyLib.o)
                0x00000d7c                CyIntSetVector
 .text.CyIntSetPriority
                0x00000da4       0x30 .\CortexM3\ARM_GCC_541\Debug\Blueth_Pot.a(CyLib.o)
                0x00000da4                CyIntSetPriority
 .text.Timer_ADC_Enable
                0x00000dd4       0x28 .\CortexM3\ARM_GCC_541\Debug\Blueth_Pot.a(Timer_ADC.o)
                0x00000dd4                Timer_ADC_Enable
 .text.Timer_ADC_SetInterruptMode
                0x00000dfc        0xc .\CortexM3\ARM_GCC_541\Debug\Blueth_Pot.a(Timer_ADC.o)
                0x00000dfc                Timer_ADC_SetInterruptMode
 .text.Timer_ADC_ReadStatusRegister
                0x00000e08        0xc .\CortexM3\ARM_GCC_541\Debug\Blueth_Pot.a(Timer_ADC.o)
                0x00000e08                Timer_ADC_ReadStatusRegister
 .text.Timer_ADC_WritePeriod
                0x00000e14        0xc .\CortexM3\ARM_GCC_541\Debug\Blueth_Pot.a(Timer_ADC.o)
                0x00000e14                Timer_ADC_WritePeriod
 .text.Timer_ADC_WriteCounter
                0x00000e20        0xc .\CortexM3\ARM_GCC_541\Debug\Blueth_Pot.a(Timer_ADC.o)
                0x00000e20                Timer_ADC_WriteCounter
 .text.Timer_ADC_Init
                0x00000e2c       0x64 .\CortexM3\ARM_GCC_541\Debug\Blueth_Pot.a(Timer_ADC.o)
                0x00000e2c                Timer_ADC_Init
 .text.Timer_ADC_Start
                0x00000e90       0x1c .\CortexM3\ARM_GCC_541\Debug\Blueth_Pot.a(Timer_ADC.o)
                0x00000e90                Timer_ADC_Start
 .text.UART_BlueT_Init
                0x00000eac       0x24 .\CortexM3\ARM_GCC_541\Debug\Blueth_Pot.a(UART_BlueT.o)
                0x00000eac                UART_BlueT_Init
 .text.UART_BlueT_Enable
                0x00000ed0       0x38 .\CortexM3\ARM_GCC_541\Debug\Blueth_Pot.a(UART_BlueT.o)
                0x00000ed0                UART_BlueT_Enable
 .text.UART_BlueT_Start
                0x00000f08       0x1c .\CortexM3\ARM_GCC_541\Debug\Blueth_Pot.a(UART_BlueT.o)
                0x00000f08                UART_BlueT_Start
 .text.UART_BlueT_GetChar
                0x00000f24       0x2c .\CortexM3\ARM_GCC_541\Debug\Blueth_Pot.a(UART_BlueT.o)
                0x00000f24                UART_BlueT_GetChar
 .text.UART_BlueT_PutChar
                0x00000f50       0x18 .\CortexM3\ARM_GCC_541\Debug\Blueth_Pot.a(UART_BlueT.o)
                0x00000f50                UART_BlueT_PutChar
 .text.UART_BlueT_PutString
                0x00000f68       0x24 .\CortexM3\ARM_GCC_541\Debug\Blueth_Pot.a(UART_BlueT.o)
                0x00000f68                UART_BlueT_PutString
 .text.UART_BlueT_IntClock_Start
                0x00000f8c       0x1c .\CortexM3\ARM_GCC_541\Debug\Blueth_Pot.a(UART_BlueT_IntClock.o)
                0x00000f8c                UART_BlueT_IntClock_Start
 .text.isr_TimerADC_inter_SetVector
                0x00000fa8        0xc .\CortexM3\ARM_GCC_541\Debug\Blueth_Pot.a(isr_TimerADC_inter.o)
                0x00000fa8                isr_TimerADC_inter_SetVector
 .text.isr_TimerADC_inter_SetPriority
                0x00000fb4       0x10 .\CortexM3\ARM_GCC_541\Debug\Blueth_Pot.a(isr_TimerADC_inter.o)
                0x00000fb4                isr_TimerADC_inter_SetPriority
 .text.isr_TimerADC_inter_Enable
                0x00000fc4        0xc .\CortexM3\ARM_GCC_541\Debug\Blueth_Pot.a(isr_TimerADC_inter.o)
                0x00000fc4                isr_TimerADC_inter_Enable
 .text.isr_TimerADC_inter_Disable
                0x00000fd0        0xc .\CortexM3\ARM_GCC_541\Debug\Blueth_Pot.a(isr_TimerADC_inter.o)
                0x00000fd0                isr_TimerADC_inter_Disable
 .text.isr_TimerADC_inter_StartEx
                0x00000fdc       0x1c .\CortexM3\ARM_GCC_541\Debug\Blueth_Pot.a(isr_TimerADC_inter.o)
                0x00000fdc                isr_TimerADC_inter_StartEx
 .text.isr_RX_inter_SetVector
                0x00000ff8        0xc .\CortexM3\ARM_GCC_541\Debug\Blueth_Pot.a(isr_RX_inter.o)
                0x00000ff8                isr_RX_inter_SetVector
 .text.isr_RX_inter_SetPriority
                0x00001004       0x10 .\CortexM3\ARM_GCC_541\Debug\Blueth_Pot.a(isr_RX_inter.o)
                0x00001004                isr_RX_inter_SetPriority
 .text.isr_RX_inter_Enable
                0x00001014        0xc .\CortexM3\ARM_GCC_541\Debug\Blueth_Pot.a(isr_RX_inter.o)
                0x00001014                isr_RX_inter_Enable
 .text.isr_RX_inter_Disable
                0x00001020        0xc .\CortexM3\ARM_GCC_541\Debug\Blueth_Pot.a(isr_RX_inter.o)
                0x00001020                isr_RX_inter_Disable
 .text.isr_RX_inter_StartEx
                0x0000102c       0x1c .\CortexM3\ARM_GCC_541\Debug\Blueth_Pot.a(isr_RX_inter.o)
                0x0000102c                isr_RX_inter_StartEx
 .text          0x00001048       0x20 .\CortexM3\ARM_GCC_541\Debug\Blueth_Pot.a(CyBootAsmGnu.o)
                0x00001048                CyDelayCycles
                0x00001058                CyEnterCriticalSection
                0x00001060                CyExitCriticalSection
 .text.__errno  0x00001068        0xc c:/program files (x86)/cypress/psoc creator/4.4/psoc creator/import/gnu/arm/5.4.1/bin/../lib/gcc/arm-none-eabi/5.4.1/../../../../arm-none-eabi/lib/armv7-m\libg_nano.a(lib_a-errno.o)
                0x00001068                __errno
 .text.__libc_init_array
                0x00001074       0x4c c:/program files (x86)/cypress/psoc creator/4.4/psoc creator/import/gnu/arm/5.4.1/bin/../lib/gcc/arm-none-eabi/5.4.1/../../../../arm-none-eabi/lib/armv7-m\libg_nano.a(lib_a-init.o)
                0x00001074                __libc_init_array
 .text.memcpy   0x000010c0       0x16 c:/program files (x86)/cypress/psoc creator/4.4/psoc creator/import/gnu/arm/5.4.1/bin/../lib/gcc/arm-none-eabi/5.4.1/../../../../arm-none-eabi/lib/armv7-m\libg_nano.a(lib_a-memcpy-stub.o)
                0x000010c0                memcpy
 .text.memset   0x000010d6       0x10 c:/program files (x86)/cypress/psoc creator/4.4/psoc creator/import/gnu/arm/5.4.1/bin/../lib/gcc/arm-none-eabi/5.4.1/../../../../arm-none-eabi/lib/armv7-m\libg_nano.a(lib_a-memset.o)
                0x000010d6                memset
 *fill*         0x000010e6        0x2 
 .text.sprintf  0x000010e8       0x48 c:/program files (x86)/cypress/psoc creator/4.4/psoc creator/import/gnu/arm/5.4.1/bin/../lib/gcc/arm-none-eabi/5.4.1/../../../../arm-none-eabi/lib/armv7-m\libg_nano.a(lib_a-sprintf.o)
                0x000010e8                siprintf
                0x000010e8                sprintf
 .text.__ssputs_r
                0x00001130       0xb2 c:/program files (x86)/cypress/psoc creator/4.4/psoc creator/import/gnu/arm/5.4.1/bin/../lib/gcc/arm-none-eabi/5.4.1/../../../../arm-none-eabi/lib/armv7-m\libg_nano.a(lib_a-nano-svfprintf.o)
                0x00001130                __ssputs_r
 *fill*         0x000011e2        0x2 
 .text._svfprintf_r
                0x000011e4      0x1e8 c:/program files (x86)/cypress/psoc creator/4.4/psoc creator/import/gnu/arm/5.4.1/bin/../lib/gcc/arm-none-eabi/5.4.1/../../../../arm-none-eabi/lib/armv7-m\libg_nano.a(lib_a-nano-svfprintf.o)
                0x000011e4                _svfiprintf_r
                0x000011e4                _svfprintf_r
 .text._printf_common
                0x000013cc       0xec c:/program files (x86)/cypress/psoc creator/4.4/psoc creator/import/gnu/arm/5.4.1/bin/../lib/gcc/arm-none-eabi/5.4.1/../../../../arm-none-eabi/lib/armv7-m\libg_nano.a(lib_a-nano-vfprintf_i.o)
                0x000013cc                _printf_common
 .text._printf_i
                0x000014b8      0x24c c:/program files (x86)/cypress/psoc creator/4.4/psoc creator/import/gnu/arm/5.4.1/bin/../lib/gcc/arm-none-eabi/5.4.1/../../../../arm-none-eabi/lib/armv7-m\libg_nano.a(lib_a-nano-vfprintf_i.o)
                0x000014b8                _printf_i
 .text.memchr   0x00001704       0x1c c:/program files (x86)/cypress/psoc creator/4.4/psoc creator/import/gnu/arm/5.4.1/bin/../lib/gcc/arm-none-eabi/5.4.1/../../../../arm-none-eabi/lib/armv7-m\libg_nano.a(lib_a-memchr-stub.o)
                0x00001704                memchr
 .text.memmove  0x00001720       0x36 c:/program files (x86)/cypress/psoc creator/4.4/psoc creator/import/gnu/arm/5.4.1/bin/../lib/gcc/arm-none-eabi/5.4.1/../../../../arm-none-eabi/lib/armv7-m\libg_nano.a(lib_a-memmove.o)
                0x00001720                memmove
 *fill*         0x00001756        0x2 
 .text._free_r  0x00001758       0x98 c:/program files (x86)/cypress/psoc creator/4.4/psoc creator/import/gnu/arm/5.4.1/bin/../lib/gcc/arm-none-eabi/5.4.1/../../../../arm-none-eabi/lib/armv7-m\libg_nano.a(lib_a-nano-freer.o)
                0x00001758                _free_r
 .text._malloc_r
                0x000017f0       0xbc c:/program files (x86)/cypress/psoc creator/4.4/psoc creator/import/gnu/arm/5.4.1/bin/../lib/gcc/arm-none-eabi/5.4.1/../../../../arm-none-eabi/lib/armv7-m\libg_nano.a(lib_a-nano-mallocr.o)
                0x000017f0                _malloc_r
 .text._realloc_r
                0x000018ac       0x4c c:/program files (x86)/cypress/psoc creator/4.4/psoc creator/import/gnu/arm/5.4.1/bin/../lib/gcc/arm-none-eabi/5.4.1/../../../../arm-none-eabi/lib/armv7-m\libg_nano.a(lib_a-nano-reallocr.o)
                0x000018ac                _realloc_r
 .text._sbrk_r  0x000018f8       0x20 c:/program files (x86)/cypress/psoc creator/4.4/psoc creator/import/gnu/arm/5.4.1/bin/../lib/gcc/arm-none-eabi/5.4.1/../../../../arm-none-eabi/lib/armv7-m\libg_nano.a(lib_a-sbrkr.o)
                0x000018f8                _sbrk_r
 .text.__malloc_lock
                0x00001918        0x2 c:/program files (x86)/cypress/psoc creator/4.4/psoc creator/import/gnu/arm/5.4.1/bin/../lib/gcc/arm-none-eabi/5.4.1/../../../../arm-none-eabi/lib/armv7-m\libg_nano.a(lib_a-mlock.o)
                0x00001918                __malloc_lock
 .text.__malloc_unlock
                0x0000191a        0x2 c:/program files (x86)/cypress/psoc creator/4.4/psoc creator/import/gnu/arm/5.4.1/bin/../lib/gcc/arm-none-eabi/5.4.1/../../../../arm-none-eabi/lib/armv7-m\libg_nano.a(lib_a-mlock.o)
                0x0000191a                __malloc_unlock
 .text._malloc_usable_size_r
                0x0000191c       0x14 c:/program files (x86)/cypress/psoc creator/4.4/psoc creator/import/gnu/arm/5.4.1/bin/../lib/gcc/arm-none-eabi/5.4.1/../../../../arm-none-eabi/lib/armv7-m\libg_nano.a(lib_a-nano-msizer.o)
                0x0000191c                _malloc_usable_size_r
 *(.plt)
 *(.gnu.warning)
 *(.glue_7t)
 .glue_7t       0x00001930        0x0 linker stubs
 *(.glue_7)
 .glue_7        0x00001930        0x0 linker stubs
 *(.vfp11_veneer)
 .vfp11_veneer  0x00001930        0x0 linker stubs
 *(.bootloader)
 *(.ARM.extab* .gnu.linkonce.armextab.*)
 *(.gcc_except_table)

.v4_bx          0x00001930        0x0
 .v4_bx         0x00001930        0x0 linker stubs

.iplt           0x00001930        0x0
 .iplt          0x00001930        0x0 c:/program files (x86)/cypress/psoc creator/4.4/psoc creator/import/gnu/arm/5.4.1/bin/../lib/gcc/arm-none-eabi/5.4.1/armv7-m/crtbegin.o

.eh_frame_hdr
 *(.eh_frame_hdr)

.eh_frame       0x00001930        0x4
 *(.eh_frame)
 .eh_frame      0x00001930        0x0 c:/program files (x86)/cypress/psoc creator/4.4/psoc creator/import/gnu/arm/5.4.1/bin/../lib/gcc/arm-none-eabi/5.4.1/armv7-m/crtbegin.o
 .eh_frame      0x00001930        0x4 c:/program files (x86)/cypress/psoc creator/4.4/psoc creator/import/gnu/arm/5.4.1/bin/../lib/gcc/arm-none-eabi/5.4.1/armv7-m/crtend.o
                [!provide]                PROVIDE (__exidx_start, .)

.ARM.exidx
 *(.ARM.exidx* .gnu.linkonce.armexidx.*)
                0x00001934                __exidx_end = .

.rodata         0x00001934       0xec
 *(.rodata .rodata.* .gnu.linkonce.r.*)
 .rodata.str1.4
                0x00001934       0x28 .\CortexM3\ARM_GCC_541\Debug\main.o
 .rodata.str1.4
                0x0000195c       0x14 .\CortexM3\ARM_GCC_541\Debug\interrupt_routine.o
                                 0x11 (size before relaxing)
 .rodata        0x00001970       0x42 .\CortexM3\ARM_GCC_541\Debug\cyfitter_cfg.o
                0x00001970                ADC_Pot_AMux__addrTable
                0x00001978                ADC_Pot_AMux__maskTable
 .rodata.str1.1
                0x000019b2        0x2 c:/program files (x86)/cypress/psoc creator/4.4/psoc creator/import/gnu/arm/5.4.1/bin/../lib/gcc/arm-none-eabi/5.4.1/../../../../arm-none-eabi/lib/armv7-m\libg_nano.a(lib_a-impure.o)
 .rodata.str1.1
                0x000019b4       0x11 c:/program files (x86)/cypress/psoc creator/4.4/psoc creator/import/gnu/arm/5.4.1/bin/../lib/gcc/arm-none-eabi/5.4.1/../../../../arm-none-eabi/lib/armv7-m\libg_nano.a(lib_a-nano-svfprintf.o)
 .rodata.str1.1
                0x000019c5       0x22 c:/program files (x86)/cypress/psoc creator/4.4/psoc creator/import/gnu/arm/5.4.1/bin/../lib/gcc/arm-none-eabi/5.4.1/../../../../arm-none-eabi/lib/armv7-m\libg_nano.a(lib_a-nano-vfprintf_i.o)
                0x000019e8                . = ALIGN (0x4)
 *fill*         0x000019e7        0x1 
 *(.init)
 .init          0x000019e8        0x4 c:/program files (x86)/cypress/psoc creator/4.4/psoc creator/import/gnu/arm/5.4.1/bin/../lib/gcc/arm-none-eabi/5.4.1/armv7-m/crti.o
                0x000019e8                _init
 .init          0x000019ec        0x8 c:/program files (x86)/cypress/psoc creator/4.4/psoc creator/import/gnu/arm/5.4.1/bin/../lib/gcc/arm-none-eabi/5.4.1/armv7-m/crtn.o
                0x000019f4                . = ALIGN (0x4)
                0x000019f4                __preinit_array_start = .
 *(.preinit_array)
                0x000019f4                __preinit_array_end = .
                0x000019f4                . = ALIGN (0x4)
                0x000019f4                __init_array_start = .
 *(SORT(.init_array.*))
 *(.init_array)
 .init_array    0x000019f4        0x4 c:/program files (x86)/cypress/psoc creator/4.4/psoc creator/import/gnu/arm/5.4.1/bin/../lib/gcc/arm-none-eabi/5.4.1/armv7-m/crtbegin.o
 .init_array    0x000019f8        0x4 .\CortexM3\ARM_GCC_541\Debug\Cm3Start.o
                0x000019fc                __init_array_end = .
                0x000019fc                . = ALIGN (0x4)
 *(.fini)
 .fini          0x000019fc        0x4 c:/program files (x86)/cypress/psoc creator/4.4/psoc creator/import/gnu/arm/5.4.1/bin/../lib/gcc/arm-none-eabi/5.4.1/armv7-m/crti.o
                0x000019fc                _fini
 .fini          0x00001a00        0x8 c:/program files (x86)/cypress/psoc creator/4.4/psoc creator/import/gnu/arm/5.4.1/bin/../lib/gcc/arm-none-eabi/5.4.1/armv7-m/crtn.o
                0x00001a08                . = ALIGN (0x4)
                0x00001a08                __fini_array_start = .
 *(.fini_array)
 .fini_array    0x00001a08        0x4 c:/program files (x86)/cypress/psoc creator/4.4/psoc creator/import/gnu/arm/5.4.1/bin/../lib/gcc/arm-none-eabi/5.4.1/armv7-m/crtbegin.o
 *(SORT(.fini_array.*))
                0x00001a0c                __fini_array_end = .
                0x00001a0c                . = ALIGN (0x4)
 *crtbegin.o(.ctors)
 *(EXCLUDE_FILE(*crtend.o) .ctors)
 *(SORT(.ctors.*))
 *crtend.o(.ctors)
                0x00001a0c                . = ALIGN (0x4)
 *crtbegin.o(.dtors)
 *(EXCLUDE_FILE(*crtend.o) .dtors)
 *(SORT(.dtors.*))
 *crtend.o(.dtors)
                0x00001a0c                . = ALIGN (0x4)
                0x00001a0c                __cy_regions = .
                0x00001a0c        0x4 LONG 0x1a20 __cy_region_init_ram
                0x00001a10        0x4 LONG 0x1fff80c8 __cy_region_start_data
                0x00001a14        0x4 LONG 0x80 __cy_region_init_size_ram
                0x00001a18        0x4 LONG 0x70 __cy_region_zero_size_ram
                0x00001a1c                __cy_regions_end = .
                0x00001a20                . = ALIGN (0x8)
 *fill*         0x00001a1c        0x4 
                0x00001a20                _etext = .

.cy_checksum_exclude
                0x00001a20        0x0
 *(.cy_checksum_exclude)

.ramvectors     0x1fff8000       0xc0
                0x1fff8000                __cy_region_start_ram = .
 *(.ramvectors)
 .ramvectors    0x1fff8000       0xc0 .\CortexM3\ARM_GCC_541\Debug\Cm3Start.o
                0x1fff8000                CyRamVectors

.noinit         0x1fff80c0        0x1
 *(.noinit)
 .noinit        0x1fff80c0        0x1 .\CortexM3\ARM_GCC_541\Debug\Blueth_Pot.a(CyLib.o)
                0x1fff80c0                CyResetStatus

.data           0x1fff80c8       0x80 load address 0x00001a20
                0x1fff80c8                __cy_region_start_data = .
 *(.jcr)
 .jcr           0x1fff80c8        0x0 c:/program files (x86)/cypress/psoc creator/4.4/psoc creator/import/gnu/arm/5.4.1/bin/../lib/gcc/arm-none-eabi/5.4.1/armv7-m/crtbegin.o
 .jcr           0x1fff80c8        0x4 c:/program files (x86)/cypress/psoc creator/4.4/psoc creator/import/gnu/arm/5.4.1/bin/../lib/gcc/arm-none-eabi/5.4.1/armv7-m/crtend.o
 *(.got.plt)
 *(.got)
 *(.shdata)
 *(.data .data.* .gnu.linkonce.d.*)
 .data          0x1fff80cc        0x4 .\CortexM3\ARM_GCC_541\Debug\Cm3Start.o
 .data          0x1fff80d0        0x1 .\CortexM3\ARM_GCC_541\Debug\Blueth_Pot.a(ADC_Pot.o)
                0x1fff80d0                ADC_Pot_Config
 .data          0x1fff80d1        0x1 .\CortexM3\ARM_GCC_541\Debug\Blueth_Pot.a(ADC_Pot_AMux.o)
 *fill*         0x1fff80d2        0x2 
 .data          0x1fff80d4       0x10 .\CortexM3\ARM_GCC_541\Debug\Blueth_Pot.a(CyLib.o)
                0x1fff80d4                cydelay_32k_ms
                0x1fff80d8                cydelay_freq_khz
                0x1fff80dc                cydelay_freq_mhz
                0x1fff80e0                cydelay_freq_hz
 .data.impure_data
                0x1fff80e4       0x60 c:/program files (x86)/cypress/psoc creator/4.4/psoc creator/import/gnu/arm/5.4.1/bin/../lib/gcc/arm-none-eabi/5.4.1/../../../../arm-none-eabi/lib/armv7-m\libg_nano.a(lib_a-impure.o)
 .data._impure_ptr
                0x1fff8144        0x4 c:/program files (x86)/cypress/psoc creator/4.4/psoc creator/import/gnu/arm/5.4.1/bin/../lib/gcc/arm-none-eabi/5.4.1/../../../../arm-none-eabi/lib/armv7-m\libg_nano.a(lib_a-impure.o)
                0x1fff8144                _impure_ptr
                0x1fff8148                . = ALIGN (0x8)
 *(.ram)
                0x1fff8148                _edata = .

.igot.plt       0x1fff8148        0x0 load address 0x00001aa0
 .igot.plt      0x1fff8148        0x0 c:/program files (x86)/cypress/psoc creator/4.4/psoc creator/import/gnu/arm/5.4.1/bin/../lib/gcc/arm-none-eabi/5.4.1/armv7-m/crtbegin.o

.bss            0x1fff8148       0x70 load address 0x00001aa0
                0x1fff8148                PROVIDE (__bss_start__, .)
 *(.shbss)
 *(.bss .bss.* .gnu.linkonce.b.*)
 .bss           0x1fff8148       0x1c c:/program files (x86)/cypress/psoc creator/4.4/psoc creator/import/gnu/arm/5.4.1/bin/../lib/gcc/arm-none-eabi/5.4.1/armv7-m/crtbegin.o
 .bss           0x1fff8164       0x10 .\CortexM3\ARM_GCC_541\Debug\Blueth_Pot.a(ADC_Pot.o)
                0x1fff816c                ADC_Pot_stopConversion
                0x1fff816d                ADC_Pot_convDone
                0x1fff816e                ADC_Pot_initVar
                0x1fff816f                ADC_Pot_started
                0x1fff8170                ADC_Pot_Offset
 .bss           0x1fff8174        0x1 .\CortexM3\ARM_GCC_541\Debug\Blueth_Pot.a(Timer_ADC.o)
                0x1fff8174                Timer_ADC_initVar
 .bss           0x1fff8175        0x2 .\CortexM3\ARM_GCC_541\Debug\Blueth_Pot.a(UART_BlueT.o)
                0x1fff8175                UART_BlueT_initVar
 *fill*         0x1fff8177        0x1 
 .bss.__malloc_sbrk_start
                0x1fff8178        0x4 c:/program files (x86)/cypress/psoc creator/4.4/psoc creator/import/gnu/arm/5.4.1/bin/../lib/gcc/arm-none-eabi/5.4.1/../../../../arm-none-eabi/lib/armv7-m\libg_nano.a(lib_a-nano-mallocr.o)
                0x1fff8178                __malloc_sbrk_start
 .bss.__malloc_free_list
                0x1fff817c        0x4 c:/program files (x86)/cypress/psoc creator/4.4/psoc creator/import/gnu/arm/5.4.1/bin/../lib/gcc/arm-none-eabi/5.4.1/../../../../arm-none-eabi/lib/armv7-m\libg_nano.a(lib_a-nano-mallocr.o)
                0x1fff817c                __malloc_free_list
 *(COMMON)
 COMMON         0x1fff8180       0x22 .\CortexM3\ARM_GCC_541\Debug\main.o
                0x1fff8180                DataBuffer
                0x1fff81a0                PacketReadyFlag
                0x1fff81a1                RxFlag_Start
 *fill*         0x1fff81a2        0x2 
 COMMON         0x1fff81a4        0xc .\CortexM3\ARM_GCC_541\Debug\interrupt_routine.o
                0x1fff81a4                statusrx
                0x1fff81a8                Value_mV
                0x1fff81ac                Value_Digit
 COMMON         0x1fff81b0        0x4 .\CortexM3\ARM_GCC_541\Debug\Blueth_Pot.a(ADC_Pot.o)
                0x1fff81b0                ADC_Pot_CountsPerVolt
 COMMON         0x1fff81b4        0x4 c:/program files (x86)/cypress/psoc creator/4.4/psoc creator/import/gnu/arm/5.4.1/bin/../lib/gcc/arm-none-eabi/5.4.1/../../../../arm-none-eabi/lib/armv7-m\libg_nano.a(lib_a-reent.o)
                0x1fff81b4                errno
                0x1fff81b8                . = ALIGN (0x8)
 *(.ram.b)
                0x1fff81b8                _end = .
                0x1fff81b8                __end = .
                0x1fff81b8                PROVIDE (end, .)
                0x1fff81b8                PROVIDE (__bss_end__, .)
                0x00001a20                __cy_region_init_ram = LOADADDR (.data)
                0x00000080                __cy_region_init_size_ram = (_edata - ADDR (.data))
                0x00000070                __cy_region_zero_size_ram = (_end - _edata)

.heap           0x1fff81b8       0x80 load address 0x00001aa0
                0x1fff81b8                . = _end
                0x1fff8238                . = (. + 0x80)
 *fill*         0x1fff81b8       0x80 
                0x1fff8238                __cy_heap_limit = .

.stack          0x20007800      0x800
                0x20007800                __cy_stack_limit = .
                0x20008000                . = (. + 0x800)
 *fill*         0x20007800      0x800 
                0x00000001                ASSERT ((__cy_stack_limit >= __cy_heap_limit), region RAM overflowed with stack)
                0x00000000                cy_checksum_exclude_size = (CY_APPL_LOADABLE == 0x1)?SIZEOF (.cy_checksum_exclude):0x0
                0x00000001                ASSERT ((cy_checksum_exclude_size <= CY_CHECKSUM_EXCLUDE_SIZE), CY_BOOT: Section .cy_checksum_exclude size exceedes specified limit.)

.cyloadermeta
 *(.cyloadermeta)

.cyloadablemeta
 *(.cyloadablemeta)

.cyconfigecc    0x80000000      0x45c
 *(.cyconfigecc)
 .cyconfigecc   0x80000000      0x45c .\CortexM3\ARM_GCC_541\Debug\cymetadata.o
                0x80000000                cy_meta_configecc

.cycustnvl      0x90000000        0x4
 *(.cycustnvl)
 .cycustnvl     0x90000000        0x4 .\CortexM3\ARM_GCC_541\Debug\cymetadata.o
                0x90000000                cy_meta_custnvl

.cywolatch      0x90100000        0x4
 *(.cywolatch)
 .cywolatch     0x90100000        0x4 .\CortexM3\ARM_GCC_541\Debug\cymetadata.o
                0x90100000                cy_meta_wonvl

.cyeeprom       0x90200000        0x0
 *(.cyeeprom)
                0x00000001                ASSERT ((. <= ((0x90200000 + ee_offset) + ee_size)), .cyeeprom data will not fit in EEPROM)

.cyflashprotect
                0x90400000      0x100
 *(.cyflashprotect)
 .cyflashprotect
                0x90400000      0x100 .\CortexM3\ARM_GCC_541\Debug\cymetadata.o
                0x90400000                cy_meta_flashprotect

.cymeta         0x90500000        0xc
 *(.cymeta)
 .cymeta        0x90500000        0xc .\CortexM3\ARM_GCC_541\Debug\cymetadata.o
                0x90500000                cy_metadata

.rel.dyn        0x00001aa0        0x0 load address 0x9050000c
 .rel.iplt      0x00001aa0        0x0 c:/program files (x86)/cypress/psoc creator/4.4/psoc creator/import/gnu/arm/5.4.1/bin/../lib/gcc/arm-none-eabi/5.4.1/armv7-m/crtbegin.o

.stab
 *(.stab)

.stabstr
 *(.stabstr)

.debug
 *(.debug)

.line
 *(.line)

.debug_srcinfo
 *(.debug_srcinfo)

.debug_sfnames
 *(.debug_sfnames)

.debug_aranges  0x00000000      0xaa0
 *(.debug_aranges)
 .debug_aranges
                0x00000000       0x28 .\CortexM3\ARM_GCC_541\Debug\main.o
 .debug_aranges
                0x00000028       0x28 .\CortexM3\ARM_GCC_541\Debug\interrupt_routine.o
 .debug_aranges
                0x00000050       0x68 .\CortexM3\ARM_GCC_541\Debug\cyfitter_cfg.o
 .debug_aranges
                0x000000b8       0x18 .\CortexM3\ARM_GCC_541\Debug\cymetadata.o
 .debug_aranges
                0x000000d0       0x48 .\CortexM3\ARM_GCC_541\Debug\Cm3Start.o
 .debug_aranges
                0x00000118       0xe8 .\CortexM3\ARM_GCC_541\Debug\Blueth_Pot.a(ADC_Pot.o)
 .debug_aranges
                0x00000200       0x38 .\CortexM3\ARM_GCC_541\Debug\Blueth_Pot.a(ADC_Pot_INT.o)
 .debug_aranges
                0x00000238       0x30 .\CortexM3\ARM_GCC_541\Debug\Blueth_Pot.a(ADC_Pot_AMux.o)
 .debug_aranges
                0x00000268       0x70 .\CortexM3\ARM_GCC_541\Debug\Blueth_Pot.a(ADC_Pot_Ext_CP_Clk.o)
 .debug_aranges
                0x000002d8       0x80 .\CortexM3\ARM_GCC_541\Debug\Blueth_Pot.a(ADC_Pot_theACLK.o)
 .debug_aranges
                0x00000358      0x2a0 .\CortexM3\ARM_GCC_541\Debug\Blueth_Pot.a(CyLib.o)
 .debug_aranges
                0x000005f8       0x98 .\CortexM3\ARM_GCC_541\Debug\Blueth_Pot.a(cyPm.o)
 .debug_aranges
                0x00000690       0x88 .\CortexM3\ARM_GCC_541\Debug\Blueth_Pot.a(Timer_ADC.o)
 .debug_aranges
                0x00000718       0xf0 .\CortexM3\ARM_GCC_541\Debug\Blueth_Pot.a(UART_BlueT.o)
 .debug_aranges
                0x00000808       0x70 .\CortexM3\ARM_GCC_541\Debug\Blueth_Pot.a(UART_BlueT_IntClock.o)
 .debug_aranges
                0x00000878       0x80 .\CortexM3\ARM_GCC_541\Debug\Blueth_Pot.a(isr_TimerADC_inter.o)
 .debug_aranges
                0x000008f8       0x80 .\CortexM3\ARM_GCC_541\Debug\Blueth_Pot.a(isr_RX_inter.o)
 .debug_aranges
                0x00000978       0x20 .\CortexM3\ARM_GCC_541\Debug\Blueth_Pot.a(CyBootAsmGnu.o)
 .debug_aranges
                0x00000998       0x88 .\CortexM3\ARM_GCC_541\Debug\Blueth_Pot.a(CyFlash.o)
 .debug_aranges
                0x00000a20       0x80 .\CortexM3\ARM_GCC_541\Debug\Blueth_Pot.a(CySpc.o)

.debug_pubnames
 *(.debug_pubnames)

.debug_info     0x00000000     0x5b9c
 *(.debug_info .gnu.linkonce.wi.*)
 .debug_info    0x00000000      0x23b .\CortexM3\ARM_GCC_541\Debug\main.o
 .debug_info    0x0000023b      0x1ec .\CortexM3\ARM_GCC_541\Debug\interrupt_routine.o
 .debug_info    0x00000427      0x59c .\CortexM3\ARM_GCC_541\Debug\cyfitter_cfg.o
 .debug_info    0x000009c3      0x136 .\CortexM3\ARM_GCC_541\Debug\cymetadata.o
 .debug_info    0x00000af9      0x3bb .\CortexM3\ARM_GCC_541\Debug\Cm3Start.o
 .debug_info    0x00000eb4      0xab5 .\CortexM3\ARM_GCC_541\Debug\Blueth_Pot.a(ADC_Pot.o)
 .debug_info    0x00001969       0xd3 .\CortexM3\ARM_GCC_541\Debug\Blueth_Pot.a(ADC_Pot_INT.o)
 .debug_info    0x00001a3c      0x165 .\CortexM3\ARM_GCC_541\Debug\Blueth_Pot.a(ADC_Pot_AMux.o)
 .debug_info    0x00001ba1      0x283 .\CortexM3\ARM_GCC_541\Debug\Blueth_Pot.a(ADC_Pot_Ext_CP_Clk.o)
 .debug_info    0x00001e24      0x2c4 .\CortexM3\ARM_GCC_541\Debug\Blueth_Pot.a(ADC_Pot_theACLK.o)
 .debug_info    0x000020e8     0x1374 .\CortexM3\ARM_GCC_541\Debug\Blueth_Pot.a(CyLib.o)
 .debug_info    0x0000345c      0xa2a .\CortexM3\ARM_GCC_541\Debug\Blueth_Pot.a(cyPm.o)
 .debug_info    0x00003e86      0x291 .\CortexM3\ARM_GCC_541\Debug\Blueth_Pot.a(Timer_ADC.o)
 .debug_info    0x00004117      0x60c .\CortexM3\ARM_GCC_541\Debug\Blueth_Pot.a(UART_BlueT.o)
 .debug_info    0x00004723      0x283 .\CortexM3\ARM_GCC_541\Debug\Blueth_Pot.a(UART_BlueT_IntClock.o)
 .debug_info    0x000049a6      0x2d2 .\CortexM3\ARM_GCC_541\Debug\Blueth_Pot.a(isr_TimerADC_inter.o)
 .debug_info    0x00004c78      0x2d2 .\CortexM3\ARM_GCC_541\Debug\Blueth_Pot.a(isr_RX_inter.o)
 .debug_info    0x00004f4a       0xb5 .\CortexM3\ARM_GCC_541\Debug\Blueth_Pot.a(CyBootAsmGnu.o)
 .debug_info    0x00004fff      0x64d .\CortexM3\ARM_GCC_541\Debug\Blueth_Pot.a(CyFlash.o)
 .debug_info    0x0000564c      0x550 .\CortexM3\ARM_GCC_541\Debug\Blueth_Pot.a(CySpc.o)

.debug_abbrev   0x00000000     0x1973
 *(.debug_abbrev)
 .debug_abbrev  0x00000000       0xf6 .\CortexM3\ARM_GCC_541\Debug\main.o
 .debug_abbrev  0x000000f6       0xcc .\CortexM3\ARM_GCC_541\Debug\interrupt_routine.o
 .debug_abbrev  0x000001c2      0x21e .\CortexM3\ARM_GCC_541\Debug\cyfitter_cfg.o
 .debug_abbrev  0x000003e0       0x77 .\CortexM3\ARM_GCC_541\Debug\cymetadata.o
 .debug_abbrev  0x00000457      0x1e8 .\CortexM3\ARM_GCC_541\Debug\Cm3Start.o
 .debug_abbrev  0x0000063f      0x1eb .\CortexM3\ARM_GCC_541\Debug\Blueth_Pot.a(ADC_Pot.o)
 .debug_abbrev  0x0000082a       0x42 .\CortexM3\ARM_GCC_541\Debug\Blueth_Pot.a(ADC_Pot_INT.o)
 .debug_abbrev  0x0000086c       0xb1 .\CortexM3\ARM_GCC_541\Debug\Blueth_Pot.a(ADC_Pot_AMux.o)
 .debug_abbrev  0x0000091d      0x139 .\CortexM3\ARM_GCC_541\Debug\Blueth_Pot.a(ADC_Pot_Ext_CP_Clk.o)
 .debug_abbrev  0x00000a56      0x121 .\CortexM3\ARM_GCC_541\Debug\Blueth_Pot.a(ADC_Pot_theACLK.o)
 .debug_abbrev  0x00000b77      0x254 .\CortexM3\ARM_GCC_541\Debug\Blueth_Pot.a(CyLib.o)
 .debug_abbrev  0x00000dcb      0x1ab .\CortexM3\ARM_GCC_541\Debug\Blueth_Pot.a(cyPm.o)
 .debug_abbrev  0x00000f76      0x11a .\CortexM3\ARM_GCC_541\Debug\Blueth_Pot.a(Timer_ADC.o)
 .debug_abbrev  0x00001090      0x175 .\CortexM3\ARM_GCC_541\Debug\Blueth_Pot.a(UART_BlueT.o)
 .debug_abbrev  0x00001205      0x139 .\CortexM3\ARM_GCC_541\Debug\Blueth_Pot.a(UART_BlueT_IntClock.o)
 .debug_abbrev  0x0000133e      0x173 .\CortexM3\ARM_GCC_541\Debug\Blueth_Pot.a(isr_TimerADC_inter.o)
 .debug_abbrev  0x000014b1      0x173 .\CortexM3\ARM_GCC_541\Debug\Blueth_Pot.a(isr_RX_inter.o)
 .debug_abbrev  0x00001624       0x14 .\CortexM3\ARM_GCC_541\Debug\Blueth_Pot.a(CyBootAsmGnu.o)
 .debug_abbrev  0x00001638      0x1a7 .\CortexM3\ARM_GCC_541\Debug\Blueth_Pot.a(CyFlash.o)
 .debug_abbrev  0x000017df      0x194 .\CortexM3\ARM_GCC_541\Debug\Blueth_Pot.a(CySpc.o)

.debug_line     0x00000000     0x2a29
 *(.debug_line)
 .debug_line    0x00000000      0x20a .\CortexM3\ARM_GCC_541\Debug\main.o
 .debug_line    0x0000020a      0x24f .\CortexM3\ARM_GCC_541\Debug\interrupt_routine.o
 .debug_line    0x00000459      0x206 .\CortexM3\ARM_GCC_541\Debug\cyfitter_cfg.o
 .debug_line    0x0000065f      0x141 .\CortexM3\ARM_GCC_541\Debug\cymetadata.o
 .debug_line    0x000007a0      0x234 .\CortexM3\ARM_GCC_541\Debug\Cm3Start.o
 .debug_line    0x000009d4      0x389 .\CortexM3\ARM_GCC_541\Debug\Blueth_Pot.a(ADC_Pot.o)
 .debug_line    0x00000d5d       0x84 .\CortexM3\ARM_GCC_541\Debug\Blueth_Pot.a(ADC_Pot_INT.o)
 .debug_line    0x00000de1       0xb0 .\CortexM3\ARM_GCC_541\Debug\Blueth_Pot.a(ADC_Pot_AMux.o)
 .debug_line    0x00000e91      0x181 .\CortexM3\ARM_GCC_541\Debug\Blueth_Pot.a(ADC_Pot_Ext_CP_Clk.o)
 .debug_line    0x00001012      0x1a1 .\CortexM3\ARM_GCC_541\Debug\Blueth_Pot.a(ADC_Pot_theACLK.o)
 .debug_line    0x000011b3      0x816 .\CortexM3\ARM_GCC_541\Debug\Blueth_Pot.a(CyLib.o)
 .debug_line    0x000019c9      0x367 .\CortexM3\ARM_GCC_541\Debug\Blueth_Pot.a(cyPm.o)
 .debug_line    0x00001d30      0x157 .\CortexM3\ARM_GCC_541\Debug\Blueth_Pot.a(Timer_ADC.o)
 .debug_line    0x00001e87      0x2c8 .\CortexM3\ARM_GCC_541\Debug\Blueth_Pot.a(UART_BlueT.o)
 .debug_line    0x0000214f      0x182 .\CortexM3\ARM_GCC_541\Debug\Blueth_Pot.a(UART_BlueT_IntClock.o)
 .debug_line    0x000022d1      0x13f .\CortexM3\ARM_GCC_541\Debug\Blueth_Pot.a(isr_TimerADC_inter.o)
 .debug_line    0x00002410      0x139 .\CortexM3\ARM_GCC_541\Debug\Blueth_Pot.a(isr_RX_inter.o)
 .debug_line    0x00002549       0x66 .\CortexM3\ARM_GCC_541\Debug\Blueth_Pot.a(CyBootAsmGnu.o)
 .debug_line    0x000025af      0x21a .\CortexM3\ARM_GCC_541\Debug\Blueth_Pot.a(CyFlash.o)
 .debug_line    0x000027c9      0x260 .\CortexM3\ARM_GCC_541\Debug\Blueth_Pot.a(CySpc.o)

.debug_frame    0x00000000     0x1dcc
 *(.debug_frame)
 .debug_frame   0x00000000       0x48 .\CortexM3\ARM_GCC_541\Debug\main.o
 .debug_frame   0x00000048       0x48 .\CortexM3\ARM_GCC_541\Debug\interrupt_routine.o
 .debug_frame   0x00000090      0x104 .\CortexM3\ARM_GCC_541\Debug\cyfitter_cfg.o
 .debug_frame   0x00000194       0xb8 .\CortexM3\ARM_GCC_541\Debug\Cm3Start.o
 .debug_frame   0x0000024c      0x284 .\CortexM3\ARM_GCC_541\Debug\Blueth_Pot.a(ADC_Pot.o)
 .debug_frame   0x000004d0       0x50 .\CortexM3\ARM_GCC_541\Debug\Blueth_Pot.a(ADC_Pot_INT.o)
 .debug_frame   0x00000520       0x64 .\CortexM3\ARM_GCC_541\Debug\Blueth_Pot.a(ADC_Pot_AMux.o)
 .debug_frame   0x00000584       0xe0 .\CortexM3\ARM_GCC_541\Debug\Blueth_Pot.a(ADC_Pot_Ext_CP_Clk.o)
 .debug_frame   0x00000664      0x100 .\CortexM3\ARM_GCC_541\Debug\Blueth_Pot.a(ADC_Pot_theACLK.o)
 .debug_frame   0x00000764      0x738 .\CortexM3\ARM_GCC_541\Debug\Blueth_Pot.a(CyLib.o)
 .debug_frame   0x00000e9c      0x1f8 .\CortexM3\ARM_GCC_541\Debug\Blueth_Pot.a(cyPm.o)
 .debug_frame   0x00001094      0x108 .\CortexM3\ARM_GCC_541\Debug\Blueth_Pot.a(Timer_ADC.o)
 .debug_frame   0x0000119c      0x250 .\CortexM3\ARM_GCC_541\Debug\Blueth_Pot.a(UART_BlueT.o)
 .debug_frame   0x000013ec       0xe0 .\CortexM3\ARM_GCC_541\Debug\Blueth_Pot.a(UART_BlueT_IntClock.o)
 .debug_frame   0x000014cc      0x104 .\CortexM3\ARM_GCC_541\Debug\Blueth_Pot.a(isr_TimerADC_inter.o)
 .debug_frame   0x000015d0      0x104 .\CortexM3\ARM_GCC_541\Debug\Blueth_Pot.a(isr_RX_inter.o)
 .debug_frame   0x000016d4      0x194 .\CortexM3\ARM_GCC_541\Debug\Blueth_Pot.a(CyFlash.o)
 .debug_frame   0x00001868      0x180 .\CortexM3\ARM_GCC_541\Debug\Blueth_Pot.a(CySpc.o)
 .debug_frame   0x000019e8       0x20 c:/program files (x86)/cypress/psoc creator/4.4/psoc creator/import/gnu/arm/5.4.1/bin/../lib/gcc/arm-none-eabi/5.4.1/../../../../arm-none-eabi/lib/armv7-m\libg_nano.a(lib_a-errno.o)
 .debug_frame   0x00001a08       0x28 c:/program files (x86)/cypress/psoc creator/4.4/psoc creator/import/gnu/arm/5.4.1/bin/../lib/gcc/arm-none-eabi/5.4.1/../../../../arm-none-eabi/lib/armv7-m\libg_nano.a(lib_a-exit.o)
 .debug_frame   0x00001a30       0x2c c:/program files (x86)/cypress/psoc creator/4.4/psoc creator/import/gnu/arm/5.4.1/bin/../lib/gcc/arm-none-eabi/5.4.1/../../../../arm-none-eabi/lib/armv7-m\libg_nano.a(lib_a-init.o)
 .debug_frame   0x00001a5c       0x28 c:/program files (x86)/cypress/psoc creator/4.4/psoc creator/import/gnu/arm/5.4.1/bin/../lib/gcc/arm-none-eabi/5.4.1/../../../../arm-none-eabi/lib/armv7-m\libg_nano.a(lib_a-memcpy-stub.o)
 .debug_frame   0x00001a84       0x20 c:/program files (x86)/cypress/psoc creator/4.4/psoc creator/import/gnu/arm/5.4.1/bin/../lib/gcc/arm-none-eabi/5.4.1/../../../../arm-none-eabi/lib/armv7-m\libg_nano.a(lib_a-memset.o)
 .debug_frame   0x00001aa4       0x70 c:/program files (x86)/cypress/psoc creator/4.4/psoc creator/import/gnu/arm/5.4.1/bin/../lib/gcc/arm-none-eabi/5.4.1/../../../../arm-none-eabi/lib/armv7-m\libg_nano.a(lib_a-sprintf.o)
 .debug_frame   0x00001b14       0x90 c:/program files (x86)/cypress/psoc creator/4.4/psoc creator/import/gnu/arm/5.4.1/bin/../lib/gcc/arm-none-eabi/5.4.1/../../../../arm-none-eabi/lib/armv7-m\libg_nano.a(lib_a-nano-svfprintf.o)
 .debug_frame   0x00001ba4       0x60 c:/program files (x86)/cypress/psoc creator/4.4/psoc creator/import/gnu/arm/5.4.1/bin/../lib/gcc/arm-none-eabi/5.4.1/../../../../arm-none-eabi/lib/armv7-m\libg_nano.a(lib_a-nano-vfprintf_i.o)
 .debug_frame   0x00001c04       0x28 c:/program files (x86)/cypress/psoc creator/4.4/psoc creator/import/gnu/arm/5.4.1/bin/../lib/gcc/arm-none-eabi/5.4.1/../../../../arm-none-eabi/lib/armv7-m\libg_nano.a(lib_a-memchr-stub.o)
 .debug_frame   0x00001c2c       0x28 c:/program files (x86)/cypress/psoc creator/4.4/psoc creator/import/gnu/arm/5.4.1/bin/../lib/gcc/arm-none-eabi/5.4.1/../../../../arm-none-eabi/lib/armv7-m\libg_nano.a(lib_a-memmove.o)
 .debug_frame   0x00001c54       0x38 c:/program files (x86)/cypress/psoc creator/4.4/psoc creator/import/gnu/arm/5.4.1/bin/../lib/gcc/arm-none-eabi/5.4.1/../../../../arm-none-eabi/lib/armv7-m\libg_nano.a(lib_a-nano-freer.o)
 .debug_frame   0x00001c8c       0x2c c:/program files (x86)/cypress/psoc creator/4.4/psoc creator/import/gnu/arm/5.4.1/bin/../lib/gcc/arm-none-eabi/5.4.1/../../../../arm-none-eabi/lib/armv7-m\libg_nano.a(lib_a-nano-mallocr.o)
 .debug_frame   0x00001cb8       0x3c c:/program files (x86)/cypress/psoc creator/4.4/psoc creator/import/gnu/arm/5.4.1/bin/../lib/gcc/arm-none-eabi/5.4.1/../../../../arm-none-eabi/lib/armv7-m\libg_nano.a(lib_a-nano-reallocr.o)
 .debug_frame   0x00001cf4       0x2c c:/program files (x86)/cypress/psoc creator/4.4/psoc creator/import/gnu/arm/5.4.1/bin/../lib/gcc/arm-none-eabi/5.4.1/../../../../arm-none-eabi/lib/armv7-m\libg_nano.a(lib_a-sbrkr.o)
 .debug_frame   0x00001d20       0x30 c:/program files (x86)/cypress/psoc creator/4.4/psoc creator/import/gnu/arm/5.4.1/bin/../lib/gcc/arm-none-eabi/5.4.1/../../../../arm-none-eabi/lib/armv7-m\libg_nano.a(lib_a-mlock.o)
 .debug_frame   0x00001d50       0x20 c:/program files (x86)/cypress/psoc creator/4.4/psoc creator/import/gnu/arm/5.4.1/bin/../lib/gcc/arm-none-eabi/5.4.1/../../../../arm-none-eabi/lib/armv7-m\libg_nano.a(lib_a-nano-msizer.o)
 .debug_frame   0x00001d70       0x5c c:/program files (x86)/cypress/psoc creator/4.4/psoc creator/import/gnu/arm/5.4.1/bin/../lib/gcc/arm-none-eabi/5.4.1/../../../../arm-none-eabi/lib/armv7-m\libg_nano.a(lib_a-reent.o)

.debug_str      0x00000000     0x251d
 *(.debug_str)
 .debug_str     0x00000000      0x25c .\CortexM3\ARM_GCC_541\Debug\main.o
                                0x2a4 (size before relaxing)
 .debug_str     0x0000025c       0xba .\CortexM3\ARM_GCC_541\Debug\interrupt_routine.o
                                0x2ad (size before relaxing)
 .debug_str     0x00000316      0x1dd .\CortexM3\ARM_GCC_541\Debug\cyfitter_cfg.o
                                0x390 (size before relaxing)
 .debug_str     0x000004f3       0x7f .\CortexM3\ARM_GCC_541\Debug\cymetadata.o
                                0x209 (size before relaxing)
 .debug_str     0x00000572      0x144 .\CortexM3\ARM_GCC_541\Debug\Cm3Start.o
                                0x32f (size before relaxing)
 .debug_str     0x000006b6      0x437 .\CortexM3\ARM_GCC_541\Debug\Blueth_Pot.a(ADC_Pot.o)
                                0x692 (size before relaxing)
 .debug_str     0x00000aed       0x59 .\CortexM3\ARM_GCC_541\Debug\Blueth_Pot.a(ADC_Pot_INT.o)
                                0x1f9 (size before relaxing)
 .debug_str     0x00000b46       0x6f .\CortexM3\ARM_GCC_541\Debug\Blueth_Pot.a(ADC_Pot_AMux.o)
                                0x240 (size before relaxing)
 .debug_str     0x00000bb5      0x19b .\CortexM3\ARM_GCC_541\Debug\Blueth_Pot.a(ADC_Pot_Ext_CP_Clk.o)
                                0x397 (size before relaxing)
 .debug_str     0x00000d50      0x17f .\CortexM3\ARM_GCC_541\Debug\Blueth_Pot.a(ADC_Pot_theACLK.o)
                                0x3be (size before relaxing)
 .debug_str     0x00000ecf      0x7ef .\CortexM3\ARM_GCC_541\Debug\Blueth_Pot.a(CyLib.o)
                                0xa6c (size before relaxing)
 .debug_str     0x000016be      0x365 .\CortexM3\ARM_GCC_541\Debug\Blueth_Pot.a(cyPm.o)
                                0x758 (size before relaxing)
 .debug_str     0x00001a23      0x164 .\CortexM3\ARM_GCC_541\Debug\Blueth_Pot.a(Timer_ADC.o)
                                0x35a (size before relaxing)
 .debug_str     0x00001b87      0x307 .\CortexM3\ARM_GCC_541\Debug\Blueth_Pot.a(UART_BlueT.o)
                                0x554 (size before relaxing)
 .debug_str     0x00001e8e      0x174 .\CortexM3\ARM_GCC_541\Debug\Blueth_Pot.a(UART_BlueT_IntClock.o)
                                0x3a3 (size before relaxing)
 .debug_str     0x00002002      0x181 .\CortexM3\ARM_GCC_541\Debug\Blueth_Pot.a(isr_TimerADC_inter.o)
                                0x381 (size before relaxing)
 .debug_str     0x00002183      0x133 .\CortexM3\ARM_GCC_541\Debug\Blueth_Pot.a(isr_RX_inter.o)
                                0x32d (size before relaxing)
 .debug_str     0x000022b6      0x1bb .\CortexM3\ARM_GCC_541\Debug\Blueth_Pot.a(CyFlash.o)
                                0x3e5 (size before relaxing)
 .debug_str     0x00002471       0xac .\CortexM3\ARM_GCC_541\Debug\Blueth_Pot.a(CySpc.o)
                                0x35d (size before relaxing)

.debug_loc      0x00000000     0x279b
 *(.debug_loc)
 .debug_loc     0x00000000      0x219 .\CortexM3\ARM_GCC_541\Debug\cyfitter_cfg.o
 .debug_loc     0x00000219      0x144 .\CortexM3\ARM_GCC_541\Debug\Cm3Start.o
 .debug_loc     0x0000035d      0x681 .\CortexM3\ARM_GCC_541\Debug\Blueth_Pot.a(ADC_Pot.o)
 .debug_loc     0x000009de       0x6c .\CortexM3\ARM_GCC_541\Debug\Blueth_Pot.a(ADC_Pot_AMux.o)
 .debug_loc     0x00000a4a      0x12c .\CortexM3\ARM_GCC_541\Debug\Blueth_Pot.a(ADC_Pot_Ext_CP_Clk.o)
 .debug_loc     0x00000b76      0x14d .\CortexM3\ARM_GCC_541\Debug\Blueth_Pot.a(ADC_Pot_theACLK.o)
 .debug_loc     0x00000cc3      0xa11 .\CortexM3\ARM_GCC_541\Debug\Blueth_Pot.a(CyLib.o)
 .debug_loc     0x000016d4      0x1e4 .\CortexM3\ARM_GCC_541\Debug\Blueth_Pot.a(cyPm.o)
 .debug_loc     0x000018b8      0x258 .\CortexM3\ARM_GCC_541\Debug\Blueth_Pot.a(UART_BlueT.o)
 .debug_loc     0x00001b10      0x128 .\CortexM3\ARM_GCC_541\Debug\Blueth_Pot.a(UART_BlueT_IntClock.o)
 .debug_loc     0x00001c38       0x56 .\CortexM3\ARM_GCC_541\Debug\Blueth_Pot.a(isr_TimerADC_inter.o)
 .debug_loc     0x00001c8e       0x56 .\CortexM3\ARM_GCC_541\Debug\Blueth_Pot.a(isr_RX_inter.o)
 .debug_loc     0x00001ce4      0x3b2 .\CortexM3\ARM_GCC_541\Debug\Blueth_Pot.a(CyFlash.o)
 .debug_loc     0x00002096      0x705 .\CortexM3\ARM_GCC_541\Debug\Blueth_Pot.a(CySpc.o)

.debug_macinfo
 *(.debug_macinfo)

.debug_ranges   0x00000000      0x948
 *(.debug_ranges)
 .debug_ranges  0x00000000       0x18 .\CortexM3\ARM_GCC_541\Debug\main.o
 .debug_ranges  0x00000018       0x18 .\CortexM3\ARM_GCC_541\Debug\interrupt_routine.o
 .debug_ranges  0x00000030       0x58 .\CortexM3\ARM_GCC_541\Debug\cyfitter_cfg.o
 .debug_ranges  0x00000088       0x38 .\CortexM3\ARM_GCC_541\Debug\Cm3Start.o
 .debug_ranges  0x000000c0       0xd8 .\CortexM3\ARM_GCC_541\Debug\Blueth_Pot.a(ADC_Pot.o)
 .debug_ranges  0x00000198       0x28 .\CortexM3\ARM_GCC_541\Debug\Blueth_Pot.a(ADC_Pot_INT.o)
 .debug_ranges  0x000001c0       0x20 .\CortexM3\ARM_GCC_541\Debug\Blueth_Pot.a(ADC_Pot_AMux.o)
 .debug_ranges  0x000001e0       0x60 .\CortexM3\ARM_GCC_541\Debug\Blueth_Pot.a(ADC_Pot_Ext_CP_Clk.o)
 .debug_ranges  0x00000240       0x70 .\CortexM3\ARM_GCC_541\Debug\Blueth_Pot.a(ADC_Pot_theACLK.o)
 .debug_ranges  0x000002b0      0x290 .\CortexM3\ARM_GCC_541\Debug\Blueth_Pot.a(CyLib.o)
 .debug_ranges  0x00000540       0x88 .\CortexM3\ARM_GCC_541\Debug\Blueth_Pot.a(cyPm.o)
 .debug_ranges  0x000005c8       0x78 .\CortexM3\ARM_GCC_541\Debug\Blueth_Pot.a(Timer_ADC.o)
 .debug_ranges  0x00000640       0xe0 .\CortexM3\ARM_GCC_541\Debug\Blueth_Pot.a(UART_BlueT.o)
 .debug_ranges  0x00000720       0x60 .\CortexM3\ARM_GCC_541\Debug\Blueth_Pot.a(UART_BlueT_IntClock.o)
 .debug_ranges  0x00000780       0x70 .\CortexM3\ARM_GCC_541\Debug\Blueth_Pot.a(isr_TimerADC_inter.o)
 .debug_ranges  0x000007f0       0x70 .\CortexM3\ARM_GCC_541\Debug\Blueth_Pot.a(isr_RX_inter.o)
 .debug_ranges  0x00000860       0x78 .\CortexM3\ARM_GCC_541\Debug\Blueth_Pot.a(CyFlash.o)
 .debug_ranges  0x000008d8       0x70 .\CortexM3\ARM_GCC_541\Debug\Blueth_Pot.a(CySpc.o)

.comment        0x00000000       0x6e
 .comment       0x00000000       0x6e .\CortexM3\ARM_GCC_541\Debug\main.o
                                 0x6f (size before relaxing)
 .comment       0x0000006e       0x6f .\CortexM3\ARM_GCC_541\Debug\interrupt_routine.o
 .comment       0x0000006e       0x6f .\CortexM3\ARM_GCC_541\Debug\cyfitter_cfg.o
 .comment       0x0000006e       0x6f .\CortexM3\ARM_GCC_541\Debug\cymetadata.o
 .comment       0x0000006e       0x6f .\CortexM3\ARM_GCC_541\Debug\Cm3Start.o
 .comment       0x0000006e       0x6f .\CortexM3\ARM_GCC_541\Debug\Blueth_Pot.a(ADC_Pot.o)
 .comment       0x0000006e       0x6f .\CortexM3\ARM_GCC_541\Debug\Blueth_Pot.a(ADC_Pot_INT.o)
 .comment       0x0000006e       0x6f .\CortexM3\ARM_GCC_541\Debug\Blueth_Pot.a(ADC_Pot_AMux.o)
 .comment       0x0000006e       0x6f .\CortexM3\ARM_GCC_541\Debug\Blueth_Pot.a(ADC_Pot_Ext_CP_Clk.o)
 .comment       0x0000006e       0x6f .\CortexM3\ARM_GCC_541\Debug\Blueth_Pot.a(ADC_Pot_theACLK.o)
 .comment       0x0000006e       0x6f .\CortexM3\ARM_GCC_541\Debug\Blueth_Pot.a(CyLib.o)
 .comment       0x0000006e       0x6f .\CortexM3\ARM_GCC_541\Debug\Blueth_Pot.a(cyPm.o)
 .comment       0x0000006e       0x6f .\CortexM3\ARM_GCC_541\Debug\Blueth_Pot.a(Timer_ADC.o)
 .comment       0x0000006e       0x6f .\CortexM3\ARM_GCC_541\Debug\Blueth_Pot.a(UART_BlueT.o)
 .comment       0x0000006e       0x6f .\CortexM3\ARM_GCC_541\Debug\Blueth_Pot.a(UART_BlueT_IntClock.o)
 .comment       0x0000006e       0x6f .\CortexM3\ARM_GCC_541\Debug\Blueth_Pot.a(isr_TimerADC_inter.o)
 .comment       0x0000006e       0x6f .\CortexM3\ARM_GCC_541\Debug\Blueth_Pot.a(isr_RX_inter.o)
 .comment       0x0000006e       0x6f .\CortexM3\ARM_GCC_541\Debug\Blueth_Pot.a(CyFlash.o)
 .comment       0x0000006e       0x6f .\CortexM3\ARM_GCC_541\Debug\Blueth_Pot.a(CySpc.o)

.debug_weaknames
 *(.debug_weaknames)

.debug_funcnames
 *(.debug_funcnames)

.debug_typenames
 *(.debug_typenames)

.debug_varnames
 *(.debug_varnames)

.note.gnu.arm.ident
 *(.note.gnu.arm.ident)

.ARM.attributes
                0x00000000       0x29
 *(.ARM.attributes)
 .ARM.attributes
                0x00000000       0x1d c:/program files (x86)/cypress/psoc creator/4.4/psoc creator/import/gnu/arm/5.4.1/bin/../lib/gcc/arm-none-eabi/5.4.1/armv7-m/crti.o
 .ARM.attributes
                0x0000001d       0x2d c:/program files (x86)/cypress/psoc creator/4.4/psoc creator/import/gnu/arm/5.4.1/bin/../lib/gcc/arm-none-eabi/5.4.1/armv7-m/crtbegin.o
 .ARM.attributes
                0x0000004a       0x1b c:/program files (x86)/cypress/psoc creator/4.4/psoc creator/import/gnu/arm/5.4.1/bin/../lib/gcc/arm-none-eabi/5.4.1/../../../../arm-none-eabi/lib/armv7-m/crt0.o
 .ARM.attributes
                0x00000065       0x33 .\CortexM3\ARM_GCC_541\Debug\main.o
 .ARM.attributes
                0x00000098       0x33 .\CortexM3\ARM_GCC_541\Debug\interrupt_routine.o
 .ARM.attributes
                0x000000cb       0x33 .\CortexM3\ARM_GCC_541\Debug\cyfitter_cfg.o
 .ARM.attributes
                0x000000fe       0x33 .\CortexM3\ARM_GCC_541\Debug\cymetadata.o
 .ARM.attributes
                0x00000131       0x33 .\CortexM3\ARM_GCC_541\Debug\Cm3Start.o
 .ARM.attributes
                0x00000164       0x33 .\CortexM3\ARM_GCC_541\Debug\Blueth_Pot.a(ADC_Pot.o)
 .ARM.attributes
                0x00000197       0x33 .\CortexM3\ARM_GCC_541\Debug\Blueth_Pot.a(ADC_Pot_INT.o)
 .ARM.attributes
                0x000001ca       0x33 .\CortexM3\ARM_GCC_541\Debug\Blueth_Pot.a(ADC_Pot_AMux.o)
 .ARM.attributes
                0x000001fd       0x33 .\CortexM3\ARM_GCC_541\Debug\Blueth_Pot.a(ADC_Pot_Ext_CP_Clk.o)
 .ARM.attributes
                0x00000230       0x33 .\CortexM3\ARM_GCC_541\Debug\Blueth_Pot.a(ADC_Pot_theACLK.o)
 .ARM.attributes
                0x00000263       0x33 .\CortexM3\ARM_GCC_541\Debug\Blueth_Pot.a(CyLib.o)
 .ARM.attributes
                0x00000296       0x33 .\CortexM3\ARM_GCC_541\Debug\Blueth_Pot.a(cyPm.o)
 .ARM.attributes
                0x000002c9       0x33 .\CortexM3\ARM_GCC_541\Debug\Blueth_Pot.a(Timer_ADC.o)
 .ARM.attributes
                0x000002fc       0x33 .\CortexM3\ARM_GCC_541\Debug\Blueth_Pot.a(UART_BlueT.o)
 .ARM.attributes
                0x0000032f       0x33 .\CortexM3\ARM_GCC_541\Debug\Blueth_Pot.a(UART_BlueT_IntClock.o)
 .ARM.attributes
                0x00000362       0x33 .\CortexM3\ARM_GCC_541\Debug\Blueth_Pot.a(isr_TimerADC_inter.o)
 .ARM.attributes
                0x00000395       0x33 .\CortexM3\ARM_GCC_541\Debug\Blueth_Pot.a(isr_RX_inter.o)
 .ARM.attributes
                0x000003c8       0x21 .\CortexM3\ARM_GCC_541\Debug\Blueth_Pot.a(CyBootAsmGnu.o)
 .ARM.attributes
                0x000003e9       0x33 .\CortexM3\ARM_GCC_541\Debug\Blueth_Pot.a(CyFlash.o)
 .ARM.attributes
                0x0000041c       0x33 .\CortexM3\ARM_GCC_541\Debug\Blueth_Pot.a(CySpc.o)
 .ARM.attributes
                0x0000044f       0x1d c:/program files (x86)/cypress/psoc creator/4.4/psoc creator/import/gnu/arm/5.4.1/bin/../lib/gcc/arm-none-eabi/5.4.1/armv7-m\libgcc.a(_arm_addsubdf3.o)
 .ARM.attributes
                0x0000046c       0x1d c:/program files (x86)/cypress/psoc creator/4.4/psoc creator/import/gnu/arm/5.4.1/bin/../lib/gcc/arm-none-eabi/5.4.1/armv7-m\libgcc.a(_arm_cmpdf2.o)
 .ARM.attributes
                0x00000489       0x1d c:/program files (x86)/cypress/psoc creator/4.4/psoc creator/import/gnu/arm/5.4.1/bin/../lib/gcc/arm-none-eabi/5.4.1/armv7-m\libgcc.a(_arm_addsubsf3.o)
 .ARM.attributes
                0x000004a6       0x1d c:/program files (x86)/cypress/psoc creator/4.4/psoc creator/import/gnu/arm/5.4.1/bin/../lib/gcc/arm-none-eabi/5.4.1/armv7-m\libgcc.a(_arm_muldivsf3.o)
 .ARM.attributes
                0x000004c3       0x1d c:/program files (x86)/cypress/psoc creator/4.4/psoc creator/import/gnu/arm/5.4.1/bin/../lib/gcc/arm-none-eabi/5.4.1/armv7-m\libgcc.a(_arm_fixunssfsi.o)
 .ARM.attributes
                0x000004e0       0x2d c:/program files (x86)/cypress/psoc creator/4.4/psoc creator/import/gnu/arm/5.4.1/bin/../lib/gcc/arm-none-eabi/5.4.1/../../../../arm-none-eabi/lib/armv7-m\libg_nano.a(lib_a-errno.o)
 .ARM.attributes
                0x0000050d       0x2d c:/program files (x86)/cypress/psoc creator/4.4/psoc creator/import/gnu/arm/5.4.1/bin/../lib/gcc/arm-none-eabi/5.4.1/../../../../arm-none-eabi/lib/armv7-m\libg_nano.a(lib_a-exit.o)
 .ARM.attributes
                0x0000053a       0x2d c:/program files (x86)/cypress/psoc creator/4.4/psoc creator/import/gnu/arm/5.4.1/bin/../lib/gcc/arm-none-eabi/5.4.1/../../../../arm-none-eabi/lib/armv7-m\libg_nano.a(lib_a-impure.o)
 .ARM.attributes
                0x00000567       0x2d c:/program files (x86)/cypress/psoc creator/4.4/psoc creator/import/gnu/arm/5.4.1/bin/../lib/gcc/arm-none-eabi/5.4.1/../../../../arm-none-eabi/lib/armv7-m\libg_nano.a(lib_a-init.o)
 .ARM.attributes
                0x00000594       0x2d c:/program files (x86)/cypress/psoc creator/4.4/psoc creator/import/gnu/arm/5.4.1/bin/../lib/gcc/arm-none-eabi/5.4.1/../../../../arm-none-eabi/lib/armv7-m\libg_nano.a(lib_a-memcpy-stub.o)
 .ARM.attributes
                0x000005c1       0x2d c:/program files (x86)/cypress/psoc creator/4.4/psoc creator/import/gnu/arm/5.4.1/bin/../lib/gcc/arm-none-eabi/5.4.1/../../../../arm-none-eabi/lib/armv7-m\libg_nano.a(lib_a-memset.o)
 .ARM.attributes
                0x000005ee       0x2d c:/program files (x86)/cypress/psoc creator/4.4/psoc creator/import/gnu/arm/5.4.1/bin/../lib/gcc/arm-none-eabi/5.4.1/../../../../arm-none-eabi/lib/armv7-m\libg_nano.a(lib_a-sprintf.o)
 .ARM.attributes
                0x0000061b       0x2d c:/program files (x86)/cypress/psoc creator/4.4/psoc creator/import/gnu/arm/5.4.1/bin/../lib/gcc/arm-none-eabi/5.4.1/../../../../arm-none-eabi/lib/armv7-m\libg_nano.a(lib_a-nano-svfprintf.o)
 .ARM.attributes
                0x00000648       0x2d c:/program files (x86)/cypress/psoc creator/4.4/psoc creator/import/gnu/arm/5.4.1/bin/../lib/gcc/arm-none-eabi/5.4.1/../../../../arm-none-eabi/lib/armv7-m\libg_nano.a(lib_a-nano-vfprintf_i.o)
 .ARM.attributes
                0x00000675       0x2d c:/program files (x86)/cypress/psoc creator/4.4/psoc creator/import/gnu/arm/5.4.1/bin/../lib/gcc/arm-none-eabi/5.4.1/../../../../arm-none-eabi/lib/armv7-m\libg_nano.a(lib_a-memchr-stub.o)
 .ARM.attributes
                0x000006a2       0x2d c:/program files (x86)/cypress/psoc creator/4.4/psoc creator/import/gnu/arm/5.4.1/bin/../lib/gcc/arm-none-eabi/5.4.1/../../../../arm-none-eabi/lib/armv7-m\libg_nano.a(lib_a-memmove.o)
 .ARM.attributes
                0x000006cf       0x2d c:/program files (x86)/cypress/psoc creator/4.4/psoc creator/import/gnu/arm/5.4.1/bin/../lib/gcc/arm-none-eabi/5.4.1/../../../../arm-none-eabi/lib/armv7-m\libg_nano.a(lib_a-nano-freer.o)
 .ARM.attributes
                0x000006fc       0x2d c:/program files (x86)/cypress/psoc creator/4.4/psoc creator/import/gnu/arm/5.4.1/bin/../lib/gcc/arm-none-eabi/5.4.1/../../../../arm-none-eabi/lib/armv7-m\libg_nano.a(lib_a-nano-mallocr.o)
 .ARM.attributes
                0x00000729       0x2d c:/program files (x86)/cypress/psoc creator/4.4/psoc creator/import/gnu/arm/5.4.1/bin/../lib/gcc/arm-none-eabi/5.4.1/../../../../arm-none-eabi/lib/armv7-m\libg_nano.a(lib_a-nano-reallocr.o)
 .ARM.attributes
                0x00000756       0x2d c:/program files (x86)/cypress/psoc creator/4.4/psoc creator/import/gnu/arm/5.4.1/bin/../lib/gcc/arm-none-eabi/5.4.1/../../../../arm-none-eabi/lib/armv7-m\libg_nano.a(lib_a-sbrkr.o)
 .ARM.attributes
                0x00000783       0x2d c:/program files (x86)/cypress/psoc creator/4.4/psoc creator/import/gnu/arm/5.4.1/bin/../lib/gcc/arm-none-eabi/5.4.1/../../../../arm-none-eabi/lib/armv7-m\libg_nano.a(lib_a-mlock.o)
 .ARM.attributes
                0x000007b0       0x2d c:/program files (x86)/cypress/psoc creator/4.4/psoc creator/import/gnu/arm/5.4.1/bin/../lib/gcc/arm-none-eabi/5.4.1/../../../../arm-none-eabi/lib/armv7-m\libg_nano.a(lib_a-nano-msizer.o)
 .ARM.attributes
                0x000007dd       0x2d c:/program files (x86)/cypress/psoc creator/4.4/psoc creator/import/gnu/arm/5.4.1/bin/../lib/gcc/arm-none-eabi/5.4.1/../../../../arm-none-eabi/lib/armv7-m\libg_nano.a(lib_a-reent.o)
 .ARM.attributes
                0x0000080a       0x2d c:/program files (x86)/cypress/psoc creator/4.4/psoc creator/import/gnu/arm/5.4.1/bin/../lib/gcc/arm-none-eabi/5.4.1/armv7-m/crtend.o
 .ARM.attributes
                0x00000837       0x1d c:/program files (x86)/cypress/psoc creator/4.4/psoc creator/import/gnu/arm/5.4.1/bin/../lib/gcc/arm-none-eabi/5.4.1/armv7-m/crtn.o

/DISCARD/
 *(.note.GNU-stack)
OUTPUT(C:\Users\gianm\Desktop\A.A. 2022-2023\LAB+\PROGETTO+\project files\psoc\WorkspaceTest\Blueth_Pot.cydsn\CortexM3\ARM_GCC_541\Debug\Blueth_Pot.elf elf32-littlearm)
